// Jest Snapshot v1, https://goo.gl/fbAQLP

exports[`Testimonial should match snapshot 1`] = `
<section
  class="sc-bczRLJ igNEoN"
>
  <div
    class="sc-gsnTZi Ixjja"
  >
    <div
      class="sc-ftvSup dtPkWK"
    >
      <h2
        class="sc-papXJ ktRCrt"
      >
        Testimonial
      </h2>
    </div>
    <div
      class="sc-dkzDqf kyRXty"
    >
      <div
        class="sc-iBkjds fTArYX"
      >
        <div
          class="sc-jqUVSM cWDEAv active"
        >
          <div
            class="sc-kDDrLX ehnXY"
          />
          <div
            class="sc-iqcoie tWTiC"
          >
            <p
              class="sc-crXcEl jcqmjt"
            >
              Sundar Pichai
            </p>
            <p
              class="sc-evZas kjUWrR"
            >
              CEO & Founder of
               
              <span>
                Google
              </span>
            </p>
          </div>
        </div>
        <div
          class="sc-jqUVSM cWDEAv"
        >
          <div
            class="sc-kDDrLX ehnXY"
          />
          <div
            class="sc-iqcoie tWTiC"
          >
            <p
              class="sc-crXcEl jcqmjt"
            >
              Shantanu Narayen
            </p>
            <p
              class="sc-evZas kjUWrR"
            >
              CEO of
               
              <span>
                Adobe
              </span>
            </p>
          </div>
        </div>
        <div
          class="sc-jqUVSM cWDEAv"
        >
          <div
            class="sc-kDDrLX ehnXY"
          />
          <div
            class="sc-iqcoie tWTiC"
          >
            <p
              class="sc-crXcEl jcqmjt"
            >
              Noah Levin
            </p>
            <p
              class="sc-evZas kjUWrR"
            >
              Director of Design,
               
              <span>
                Figma
              </span>
            </p>
          </div>
        </div>
        <div
          class="sc-jqUVSM cWDEAv"
        >
          <div
            class="sc-kDDrLX ehnXY"
          />
          <div
            class="sc-iqcoie tWTiC"
          >
            <p
              class="sc-crXcEl jcqmjt"
            >
              Stewart Butterfield
            </p>
            <p
              class="sc-evZas kjUWrR"
            >
              CEO & Founder of
               
              <span>
                Slack
              </span>
            </p>
          </div>
        </div>
      </div>
      <div
        class="sc-hKMtZM dHdjG"
      >
        <div
          class="sc-eCYdqJ gxuMRn"
        >
          <span
            style="box-sizing: border-box; display: inline-block; overflow: hidden; background: none; opacity: 1; border: 0px; margin: 0px; padding: 0px; position: relative; max-width: 100%;"
          >
            <span
              style="box-sizing: border-box; display: block; background: none; opacity: 1; border: 0px; margin: 0px; padding: 0px; max-width: 100%;"
            >
              <img
                alt=""
                aria-hidden="true"
                src="data:image/svg+xml,%3csvg%20xmlns=%27http://www.w3.org/2000/svg%27%20version=%271.1%27%20width=%2724%27%20height=%2724%27/%3e"
                style="display: block; max-width: 100%; background: none; opacity: 1; border: 0px; margin: 0px; padding: 0px;"
              />
            </span>
            <img
              alt="full star rating"
              data-nimg="intrinsic"
              decoding="async"
              src="data:image/gif;base64,R0lGODlhAQABAIAAAAAAAP///yH5BAEAAAAALAAAAAABAAEAAAIBRAA7"
              style="position: absolute; top: 0px; left: 0px; bottom: 0px; right: 0px; box-sizing: border-box; padding: 0px; margin: auto; display: block; width: 0px; height: 0px; min-width: 100%; max-width: 100%; min-height: 100%; max-height: 100%;"
            />
            <noscript />
          </span>
          5.0 Star Rating
        </div>
        <q
          class="sc-jSMfEi ca-Dggb"
        >
          If you're looking for someone who will challenge your UX/UI thinking and really cut to the core of what's important for users, then Jesse is your man. On top of that, he brings a level of enthusiasm to the craft that's energizing for everyone who works with him.
        </q>
        <div
          class="sc-gKXOVf jaKzGq"
        >
          <span
            style="box-sizing: border-box; display: inline-block; overflow: hidden; background: none; opacity: 1; border: 0px; margin: 0px; padding: 0px; position: relative; max-width: 100%;"
          >
            <span
              style="box-sizing: border-box; display: block; background: none; opacity: 1; border: 0px; margin: 0px; padding: 0px; max-width: 100%;"
            >
              <img
                alt=""
                aria-hidden="true"
                src="data:image/svg+xml,%3csvg%20xmlns=%27http://www.w3.org/2000/svg%27%20version=%271.1%27%20width=%2724%27%20height=%2724%27/%3e"
                style="display: block; max-width: 100%; background: none; opacity: 1; border: 0px; margin: 0px; padding: 0px;"
              />
            </span>
            <img
              alt="big quotes"
              data-nimg="intrinsic"
              decoding="async"
              src="data:image/gif;base64,R0lGODlhAQABAIAAAAAAAP///yH5BAEAAAAALAAAAAABAAEAAAIBRAA7"
              style="position: absolute; top: 0px; left: 0px; bottom: 0px; right: 0px; box-sizing: border-box; padding: 0px; margin: auto; display: block; width: 0px; height: 0px; min-width: 100%; max-width: 100%; min-height: 100%; max-height: 100%;"
            />
            <noscript />
          </span>
        </div>
      </div>
    </div>
  </div>
</section>
`;
