// Jest Snapshot v1, https://goo.gl/fbAQLP

exports[`About should match snapshot 1`] = `
<section
  class="sc-bczRLJ ivBYWb"
  id="about"
>
  <div
    class="sc-gsnTZi eaBcyJ"
  >
    <div
      class="sc-dkzDqf eishpv"
    >
      <span
        style="box-sizing: border-box; display: inline-block; overflow: hidden; background: none; opacity: 1; border: 0px; margin: 0px; padding: 0px; position: relative; max-width: 100%;"
      >
        <span
          style="box-sizing: border-box; display: block; background: none; opacity: 1; border: 0px; margin: 0px; padding: 0px; max-width: 100%;"
        >
          <img
            alt=""
            aria-hidden="true"
            src="data:image/svg+xml,%3csvg%20xmlns=%27http://www.w3.org/2000/svg%27%20version=%271.1%27%20width=%27560%27%20height=%27542%27/%3e"
            style="display: block; max-width: 100%; background: none; opacity: 1; border: 0px; margin: 0px; padding: 0px;"
          />
        </span>
        <img
          alt="about"
          data-nimg="intrinsic"
          decoding="async"
          src="data:image/gif;base64,R0lGODlhAQABAIAAAAAAAP///yH5BAEAAAAALAAAAAABAAEAAAIBRAA7"
          style="position: absolute; top: 0px; left: 0px; bottom: 0px; right: 0px; box-sizing: border-box; padding: 0px; margin: auto; display: block; width: 0px; height: 0px; min-width: 100%; max-width: 100%; min-height: 100%; max-height: 100%;"
        />
        <noscript />
      </span>
    </div>
    <div
      class="sc-hKMtZM kKqypj"
    >
      <h2
        class="sc-eCYdqJ cnlhBJ"
      >
        Software Engineer and Infrastructure specialist based in Brazil.
      </h2>
      <p
        class="sc-jSMfEi iIiovf"
      >
        Morbi quam velit, euismod in imperdiet vitae, elementum et elit. Nunc finibus, felis sit amet sollicitudin sollicitudin, nisi magna feugiat enim, in maximus urna enim ac tortor. Nunc in volutpat ipsum, molestie commodo odio. Quisque auctor nisi mi. Aenean venenatis sapien et interdum interdum.
      </p>
      <div
        class="sc-gKXOVf XSpvr"
      >
        <div
          class="sc-iBkjds jxfwZc"
        >
          <span
            class="sc-ftvSup kFLCbd"
          >
            17+
          </span>
          <p
            class="sc-papXJ OXoXr"
          >
            Years of Experience
          </p>
        </div>
        <div
          class="sc-iBkjds jxfwZc"
        >
          <span
            class="sc-ftvSup kFLCbd"
          >
            325+
          </span>
          <p
            class="sc-papXJ OXoXr"
          >
            Completed Projects
          </p>
        </div>
      </div>
      <button
        class="sc-jqUVSM bovtQP"
      >
        <p
          class="sc-kDDrLX dRjXFK"
        >
          Say Hi
        </p>
        <span
          style="box-sizing: border-box; display: inline-block; overflow: hidden; background: none; opacity: 1; border: 0px; margin: 0px; padding: 0px; position: relative; max-width: 100%;"
        >
          <span
            style="box-sizing: border-box; display: block; background: none; opacity: 1; border: 0px; margin: 0px; padding: 0px; max-width: 100%;"
          >
            <img
              alt=""
              aria-hidden="true"
              src="data:image/svg+xml,%3csvg%20xmlns=%27http://www.w3.org/2000/svg%27%20version=%271.1%27%20width=%2724%27%20height=%2724%27/%3e"
              style="display: block; max-width: 100%; background: none; opacity: 1; border: 0px; margin: 0px; padding: 0px;"
            />
          </span>
          <img
            alt="white arrow"
            data-nimg="intrinsic"
            decoding="async"
            src="data:image/gif;base64,R0lGODlhAQABAIAAAAAAAP///yH5BAEAAAAALAAAAAABAAEAAAIBRAA7"
            style="position: absolute; top: 0px; left: 0px; bottom: 0px; right: 0px; box-sizing: border-box; padding: 0px; margin: auto; display: block; width: 0px; height: 0px; min-width: 100%; max-width: 100%; min-height: 100%; max-height: 100%;"
          />
          <noscript />
        </span>
      </button>
    </div>
  </div>
</section>
`;
